[www.puretelecom.ie/index.html]
[backblue.gif]
[fade.gif]
[index.html]
[www.puretelecom.ie/image/catalog/Banners/hero-puretelecom-full.jpg]
[code.jquery.com/jquery-3.4.1.min.js]
[cdn.jsdelivr.net/npm/popper.js@1.16.0/dist/umd/popper.min.js]
[stackpath.bootstrapcdn.com/bootstrap/4.4.1/js/bootstrap.min.js]
[unpkg.com/feather-icons@4.29.0/dist/feather.min.js]
[www.puretelecom.ie/catalog/view/javascript/font-awesome/css/fontawesome-all.min.css]
[www.puretelecom.ie/catalog/view/theme/default/stylesheet/stylesheetc813.css]
[www.puretelecom.ie/catalog/view/javascript/common2bcc.js]
[cdn.jsdelivr.net/npm/js-cookie@rc/dist/js.cookie.min.js]
[www.puretelecom.ie/catalog/view/javascript/timetable-buttons358e.js]
[www.puretelecom.ie/image/catalog/Logo/apple-icon-180x180.png]
[www.google.com/recaptcha/api.js]
[www.puretelecom.ie/image/catalog/Logo/pure_logo.png]
[www.puretelecom.ie/unlimited-broadband.html]
[www.puretelecom.ie/fibre-broadband.html]
[www.puretelecom.ie/broadband-only.html]
[www.puretelecom.ie/landline-service.html]
[www.puretelecom.ie/business.html]
[www.puretelecom.ie/cheapest-broadband-ireland.html]
[www.puretelecom.ie/contact-us.html]
[www.puretelecom.ie/broadband-phone.html]
[www.puretelecom.ie/fair-usage-policy.html]
[www.puretelecom.ie/terms.html]
[www.puretelecom.ie/broadband-ireland.html]
[www.puretelecom.ie/broadband-provider.html]
[www.puretelecom.ie/broadband-deals.html]
[www.puretelecom.ie/internet-providers-ireland.html]
[www.puretelecom.ie/broadband-tv.html]
[www.puretelecom.ie/business/voice-deals.html]
[www.puretelecom.ie/business/broadband-data.html]
[www.puretelecom.ie/business/voice-telecoms.html]
[www.puretelecom.ie/business/managed-installations.html]
[www.puretelecom.ie/business/cloud-telecoms.html]
[www.puretelecom.ie/business/billing-and-pricing.html]
[www.puretelecom.ie/business/free-telecoms-audit.html]
[www.puretelecom.ie/business/our-approach.html]
[www.puretelecom.ie/business/switching-process.html]
[www.puretelecom.ie/about.html]
[www.puretelecom.ie/our-history.html]
[www.puretelecom.ie/faqs.html]
[www.puretelecom.ie/benefits.html]
[www.puretelecom.ie/how-to-switch.html]
[www.puretelecom.ie/troubleshooting.html]
[www.puretelecom.ie/sitemap.html]
[www.puretelecom.ie/blog.html]
[www.puretelecom.ie/careers.html]
[www.puretelecom.ie/pure-telecom-reviews.html]
[www.puretelecom.ie/accessibility.html]
[www.puretelecom.ie/privacy-policy.html]
[www.puretelecom.ie/cookie-policy.html]
[www.puretelecom.ie/code-of-practice.html]
[www.puretelecom.ie/call-rates.html]
[www.puretelecom.ie/other-charges.html]
[www.puretelecom.ie/cooling-off-cancellation-form.html]
[www.puretelecom.ie/cdn-cgi/l/email-protection.html]
[www.puretelecom.ie/image/catalog/Logo/the-best-broadband2x.png]
[www.puretelecom.ie/image/catalog/Logo/best_broadband-winner-badge.png]
[www.puretelecom.ie/image/catalog/Logo/best-broadband-2024-switcher-ie-pure-telecom_.png]
[www.puretelecom.ie/image/catalog/Logo/logo--cmrf-crumlin-negative.png]
[www.puretelecom.ie/image/catalog/Logo/pure_logo--white.png]
[www.puretelecom.ie/cdn-cgi/scripts/5c5dd728/cloudflare-static/email-decode.min.js]
[www.puretelecom.ie/index.html]
[www.puretelecom.ie/cdn-cgi/scripts/7d0fa10a/cloudflare-static/rocket-loader.min.js]
[www.puretelecom.ie/catalog/view/javascript/font-awesome/webfonts/fa-brands-400.eot]
[www.puretelecom.ie/catalog/view/javascript/font-awesome/webfonts/fa-brands-400d41d.eot]
[www.puretelecom.ie/catalog/view/javascript/font-awesome/webfonts/fa-brands-400.woff2]
[www.puretelecom.ie/catalog/view/javascript/font-awesome/webfonts/fa-brands-400.woff]
[www.puretelecom.ie/catalog/view/javascript/font-awesome/webfonts/fa-brands-400.ttf]
[www.puretelecom.ie/catalog/view/javascript/font-awesome/webfonts/fa-brands-400.svg]
[www.puretelecom.ie/catalog/view/javascript/font-awesome/webfonts/fa-regular-400.eot]
[www.puretelecom.ie/catalog/view/javascript/font-awesome/webfonts/fa-regular-400d41d.eot]
[www.puretelecom.ie/catalog/view/javascript/font-awesome/webfonts/fa-regular-400.woff2]
[www.puretelecom.ie/catalog/view/javascript/font-awesome/webfonts/fa-regular-400.woff]
[www.puretelecom.ie/catalog/view/javascript/font-awesome/webfonts/fa-regular-400.ttf]
[www.puretelecom.ie/catalog/view/javascript/font-awesome/webfonts/fa-regular-400.svg]
[www.puretelecom.ie/catalog/view/javascript/font-awesome/webfonts/fa-solid-900.eot]
[www.puretelecom.ie/catalog/view/javascript/font-awesome/webfonts/fa-solid-900d41d.eot]
[www.puretelecom.ie/catalog/view/javascript/font-awesome/webfonts/fa-solid-900.woff2]
[www.puretelecom.ie/catalog/view/javascript/font-awesome/webfonts/fa-solid-900.woff]
[www.puretelecom.ie/catalog/view/javascript/font-awesome/webfonts/fa-solid-900.ttf]
[www.puretelecom.ie/catalog/view/javascript/font-awesome/css/fontawesome-all.min.css]
[www.puretelecom.ie/catalog/view/javascript/font-awesome/webfonts/fa-solid-900.svg]
[www.puretelecom.ie/image/catalog/Banners/hero-puretelecom-opacity__small.jpg]
[www.puretelecom.ie/image/catalog/Banners/hero-puretelecom-gaming.jpg]
[www.puretelecom.ie/image/catalog/Banners/vr-broadband1080p.png]
[www.puretelecom.ie/image/catalog/Banners/woman-on-phone-laptop.jpg]
[www.puretelecom.ie/image/catalog/Banners/landline-service.jpg]
[www.puretelecom.ie/image/catalog/Banners/business-pure.jpg]
[www.puretelecom.ie/image/catalog/Banners/bg-heroshot-peace.jpg]
[www.puretelecom.ie/image/catalog/Banners/pure-tv-netgem-banner-hero.png]
[www.puretelecom.ie/image/catalog/vectors/shape-netgem-brand.svg]
[www.puretelecom.ie/image/catalog/vectors/shape-revolut.png]
[www.puretelecom.ie/image/catalog/Banners/image-family-complete.jpg]
[www.puretelecom.ie/image/catalog/Banners/Blog/Best-Broadband-with-or-without-landline-Pure-Telecom-1024x678.jpg]
[www.puretelecom.ie/image/catalog/Banners/tvapps-min.png]
[www.puretelecom.ie/image/catalog/Banners/netgem-box.png]
[www.puretelecom.ie/image/catalog/Banners/alexa__banner2x.jpg]
[www.puretelecom.ie/image/catalog/pure-callcenter.png]
[www.puretelecom.ie/image/catalog/stars.png]
[www.puretelecom.ie/image/catalog/Banners/careers-team.jpg]
[www.puretelecom.ie/image/catalog/Banners/family-carers--banner00.jpg]
[www.puretelecom.ie/catalog/view/theme/default/stylesheet/stylesheetc813.css]
[www.googletagmanager.com/gtm5445.html]
[www.puretelecom.ie/unlimited-broadband.html]
[www.puretelecom.ie/image/catalog/vectors/search.svg]
[www.puretelecom.ie/image/catalog/Fibre/how-speed-siro.png]
[www.puretelecom.ie/image/catalog/Fibre/siro-logo-min.png]
[www.puretelecom.ie/fibre-broadband.html]
[www.puretelecom.ie/broadband-only.html]
[www.puretelecom.ie/landline-service.html]
[www.puretelecom.ie/image/catalog/Logo/pure-telecom-logo3860.svg]
[www.puretelecom.ie/business/contact-business.html]
[www.puretelecom.ie/image/catalog/Logo/DHL_rgb.png]
[www.puretelecom.ie/image/catalog/Logo/GI_logo.png]
[www.puretelecom.ie/image/catalog/Logo/TaxBack_logo.png]
[www.puretelecom.ie/business.html]
[www.puretelecom.ie/image/catalog/Banners/the-best-broadband.png]
[www.puretelecom.ie/cheapest-broadband-ireland.html]
[www.puretelecom.ie/contact-us.html]
[www.puretelecom.ie/broadband-phone.html]
[www.puretelecom.ie/files/PureTelecomPhoneandBroadbandFairUsePolicy_20.pdf]
[www.puretelecom.ie/fair-usage-policy.html]
[www.puretelecom.ie/files/terms-and-conditions-pure-telecom_2022.pdf]
[www.puretelecom.ie/terms.html]
[www.puretelecom.ie/broadband-ireland.html]
[www.puretelecom.ie/broadband-provider.html]
[www.puretelecom.ie/broadband-deals.html]
[www.puretelecom.ie/internet-providers-ireland.html]
[www.puretelecom.ie/image/catalog/puretv/background_white_2.png]
[www.puretelecom.ie/image/catalog/puretv/Logo_PureTV_color.png]
[www.puretelecom.ie/image/catalog/Banners/Brand/Image-1.svg]
[www.puretelecom.ie/image/catalog/Banners/Brand/Image-3.svg]
[www.puretelecom.ie/image/catalog/Banners/Brand/Image-4.svg]
[www.puretelecom.ie/image/catalog/Banners/Brand/Image-2.svg]
[www.puretelecom.ie/image/catalog/Banners/Brand/Image-6.svg]
[www.puretelecom.ie/image/catalog/Banners/Brand/Image-5.svg]
[www.puretelecom.ie/image/catalog/puretv/Four_logo.png]
[www.puretelecom.ie/image/catalog/Banners/Brand/prime2x.png]
[www.puretelecom.ie/image/catalog/Banners/Brand/yt_logo_rgb_light.svg]
[www.puretelecom.ie/image/catalog/channels/footballtv.png]
[www.puretelecom.ie/image/catalog/channels/bondivet.png]
[www.puretelecom.ie/image/catalog/channels/filmzie.png]
[www.puretelecom.ie/image/catalog/channels/Plex.png]
[www.puretelecom.ie/image/catalog/puretv/Google_BTN.png]
[www.puretelecom.ie/image/catalog/puretv/AppleStore_BTN.png]
[www.puretelecom.ie/image/catalog/puretv/ipad_iphone_img-new.png]
[www.puretelecom.ie/image/catalog/puretv/desktop-bg.jpg]
[www.puretelecom.ie/image/catalog/puretv/BG_img_MOBILE.jpg]
[www.puretelecom.ie/broadband-tv.html]
[www.puretelecom.ie/business/voice-deals.html]
[www.puretelecom.ie/business/broadband-data.html]
[www.puretelecom.ie/business/voice-telecoms.html]
[www.puretelecom.ie/business/managed-installations.html]
[www.puretelecom.ie/business/cloud-telecoms.html]
[www.puretelecom.ie/business/billing-and-pricing.html]
[www.puretelecom.ie/business/free-telecoms-audit.html]
[www.puretelecom.ie/business/our-approach.html]
[www.puretelecom.ie/business/switching-process.html]
[www.puretelecom.ie/image/catalog/vectors/play-button.svg]
[www.puretelecom.ie/about.html]
[www.puretelecom.ie/image/catalog/content/who/family-pure.03.jpg]
[www.puretelecom.ie/image/catalog/content/who/team-leader.jpg]
[www.puretelecom.ie/image/catalog/content/who/team-girls-pure.jpg]
[www.puretelecom.ie/image/catalog/content/who/family-pure-v.4.jpg]
[www.puretelecom.ie/image/catalog/content/who/family-pure.jpg]
[www.puretelecom.ie/image/catalog/content/who/family-pure.v.5.jpg]
[www.puretelecom.ie/our-history.html]
[www.puretelecom.ie/image/catalog/Banners/factory-pure.jpg]
[www.puretelecom.ie/faqs.html]
[www.puretelecom.ie/image/catalog/content/benefits/pure-benefits.jpg]
[www.puretelecom.ie/benefits.html]
[www.puretelecom.ie/how-to-switch.html]
[www.puretelecom.ie/modem-zyxel.html]
[www.puretelecom.ie/image/catalog/content/troubleshooting/zyxel/zyxel.jpg]
[www.puretelecom.ie/modem-huawei.html]
[www.puretelecom.ie/image/catalog/content/troubleshooting/huawei/huawei-white.jpg]
[www.puretelecom.ie/modem-fritzbox.html]
[www.puretelecom.ie/image/catalog/content/troubleshooting/fritzbox/fritzbox..png]
[www.puretelecom.ie/modem-f3000.html]
[www.puretelecom.ie/image/catalog/content/troubleshooting/f3000/F3000.jpg]
[www.puretelecom.ie/troubleshooting.html]
[www.puretelecom.ie/sitemap.html]
[www.puretelecom.ie/blog/working-with-it-partners-to-provide-the-best-broadband-for-business.html]
[www.puretelecom.ie/blog/pure-telecom-research-reveals-strong-desire-among-adults-to-become-influencers.html]
[www.puretelecom.ie/blog/pure-telecom-research-reveals-the-impact-of-social-media-on-voting-choices.html]
[www.puretelecom.ie/blog/mental-health-benefits-of-online-gaming-revealed-in-pure-telecom-research.html]
[www.puretelecom.ie/image/cache/catalog/Banners/Blog/Paul-Connell-Director-Pure-Telecom-1-1024x781-228x228.jpg]
[www.puretelecom.ie/blog/pure-telecom-survey-reveals-broadband-is-the-new-battery-and-half-of-us-couldnt-survive-christmas-without-internet.html]
[www.puretelecom.ie/image/cache/catalog/Banners/Blog/Paul-Connell-CEO-Pure-Telecom-1024x686-228x228.jpg]
[www.puretelecom.ie/blog/pure-telecom-survey-less-than-a-third-of-irish-people-trust-social-media-to-protect-their-personal-data.html]
[www.puretelecom.ie/image/cache/placeholder-228x228.png]
[www.puretelecom.ie/blog/rural-smes-in-ireland-and-access-to-cloud.html]
[www.puretelecom.ie/blog/research-smartphones-overtake-laptops-as-most-popular-device-for-getting-online.html]
[www.puretelecom.ie/image/cache/catalog/Banners/Blog/action-blur-electronics-247932-1024x683-228x228.jpg]
[www.puretelecom.ie/blog/five-smart-gadgets-we-would-love-to-have.html]
[www.puretelecom.ie/image/cache/catalog/Banners/Blog/Paul-Connell-Director-Pure-Telecom-2-1024x675-228x228.jpg]
[www.puretelecom.ie/blog/more-than-one-third-would-ditch-tv-licence-as-online-viewing-increases.html]
[www.puretelecom.ie/blog/nearly-half-of-irish-teens-prefer-to-carry-out-online-activity-secretly.html]
[www.puretelecom.ie/blog/parents-have-their-say-irish-children-being-held-back-by-poor-school-broadband.html]
[www.puretelecom.ie/blog/fifity-would-relocate-for-better-broadband.html]
[www.puretelecom.ie/blog/pure-telecom-predicts-fortym-from-broadband-service.html]
[www.puretelecom.ie/blog/pure-telecom-in-twentym-telecoms-deal.html]
[www.puretelecom.ie/blog/pure-telecom-customer-service-in-telecoms.html]
[www.puretelecom.ie/image/cache/catalog/Banners/Blog/Pure-Telecom_2-1024x747-228x228.jpg]
[www.puretelecom.ie/blog/pure-telecom-caps-off-great-year-with-new-customers.html]
[www.puretelecom.ie/blog/pure-telecom-announces-jobs-and-eighteen-investment.html]
[www.puretelecom.ie/blog/pure-telecom-and-open-eir-in-deal.html]
[www.puretelecom.ie/blog/providing-a-fantastic-telecoms-customer-service.html]
[www.puretelecom.ie/blog/our-research-shows-more-than-half-of-young-people-plan-to-ditch-tv-licence.html]
[www.puretelecom.ie/blog/deal-with-dsm-will-support-jobs-and-increased-rural-broadband.html]
[www.puretelecom.ie/blog/meet-pure-telecom-the-telecoms-provider-that-offers-a-personalised-service.html]
[www.puretelecom.ie/image/cache/catalog/Banners/Blog/Pure-Telecom-Blackrock-Clinic_2-1024x736-228x228.jpg]
[www.puretelecom.ie/blog/blackrock-clinic-treated-right-by-pure-telecom-with-seven-thousand-in-savings.html]
[www.puretelecom.ie/blog/success-pure-telecom-boosts-customer-base-by.html]
[www.puretelecom.ie/image/cache/catalog/Banners/Blog/Best-Broadband-with-or-without-landline-Pure-Telecom-1024x678-228x228.jpg]
[www.puretelecom.ie/blog/pure-telecom-wins-best-broadband-at-the-bonkersie-national-consumer-awards.html]
[www.puretelecom.ie/blog/the-five-minute-cio-shaun-oshea-pure-telecom.html]
[www.puretelecom.ie/blog/we-are-re-hiring-advance-your-career-with-pure-telecom.html]
[www.puretelecom.ie/blog/were-hiring-inbound-sales-representatives-at-pure-telecom.html]
[www.puretelecom.ie/blog/office-olympics-and-customer-service-make-pure-telecom-a-great-place-to-work.html]
[www.puretelecom.ie/image/cache/catalog/Banners/Blog/howswitch-1024x683-228x228.jpg]
[www.puretelecom.ie/blog/five-reasons-why-pure-telecom-is-unique.html]
[www.puretelecom.ie/image/cache/catalog/Banners/Blog/puretelecom-bt-ireland-228x228.jpg]
[www.puretelecom.ie/blog/pure-telecom-and-bt-ireland-sign-multi-million-telecoms-deal.html]
[www.puretelecom.ie/blog/unlimited-broadband-by-pure-telecom.html]
[www.puretelecom.ie/blog/slow-broadband.html]
[www.puretelecom.ie/blog/pure-telecom-research-reveals-almost-half-of-people-sharing-their-images-online-edit-their-selfies.html]
[www.puretelecom.ie/blog/almost-one-quarter-of-irish-adults-stream-esports-pure-telecom-survey.html]
[www.puretelecom.ie/blog/customer-notification-comreg-price-update-1850-1890-0818-or-076-numbers.html]
[www.puretelecom.ie/blog/pure-telecom-comreg-statement.html]
[www.puretelecom.ie/blog/guide-to-getting-broadband-in-ireland.html]
[www.puretelecom.ie/blog/the-importance-of-b2b-customer-service.html]
[www.puretelecom.ie/blog/tips-to-help-you-get-the-best-broadband-deal.html]
[www.puretelecom.ie/blog/which-virtual-assistant-is-best.html]
[www.puretelecom.ie/image/cache/catalog/Banners/Blog/woman-apple-hotel-800x528-228x228.jpg]
[www.puretelecom.ie/blog/what-makes-the-best-broadband-provider.html]
[www.puretelecom.ie/image/cache/catalog/Banners/Blog/pexels-photo-265685-1024x676-228x228.jpg]
[www.puretelecom.ie/blog/the-best-streaming-services-available-in-ireland.html]
[www.puretelecom.ie/blog/back-to-school-sign-up-and-get-a-fifty-voucher-for-lifestyle-sports.html]
[www.puretelecom.ie/blog/how-to-identify-and-avoid-phishing-phone-scams.html]
[www.puretelecom.ie/blog/five-tips-for-faster-broadband.html]
[www.puretelecom.ie/blog/how-can-i-get-faster-broadband-in-a-rural-area.html]
[www.puretelecom.ie/blog/four-simple-ways-to-boost-your-broadband-speed.html]
[www.puretelecom.ie/blog/how-to-get-the-best-broadband-student-deals.html]
[www.puretelecom.ie/blog.html]
[www.puretelecom.ie/blog/tips-for-the-best-value-broadband-package.html]
[www.puretelecom.ie/careers/customer-care-advisor.html]
[www.puretelecom.ie/careers/sales-representative.html]
[www.puretelecom.ie/careers.html]
[www.puretelecom.ie/careers/technical.html]
[www.puretelecom.ie/pure-telecom-reviews.html]
[www.puretelecom.ie/accessibility.html]
[static.elfsight.com/platform/platform.js]
[www.puretelecom.ie/files/PrivacyStatementJuly2018_updated.pdf]
[www.puretelecom.ie/privacy-policy.html]
[www.puretelecom.ie/cookie-policy.html]
[www.puretelecom.ie/code-of-practice.html]
[www.puretelecom.ie/files/call-rates-2019-updated.pdf]
[www.puretelecom.ie/call-rates.html]
[www.puretelecom.ie/files/Other-ChargesDocument-updated-2022.pdf]
[www.puretelecom.ie/other-charges.html]
[www.puretelecom.ie/image/loading.gif]
[www.puretelecom.ie/files/Cooling-Off-Period-Cancellation-Form-pure-telecom.pdf]
[www.puretelecom.ie/cooling-off-cancellation-form.html]
[www.puretelecom.ie/cdn-cgi/l/email-protection.html]
[www.puretelecom.ie/catalog/view/javascript/font-awesome/webfonts/fa-brands-400.svg]
[www.puretelecom.ie/catalog/view/javascript/font-awesome/webfonts/fa-regular-400.svg]
[www.puretelecom.ie/catalog/view/javascript/font-awesome/webfonts/fa-solid-900.svg]
[www.puretelecom.ie/image/catalog/vectors/shape-netgem-brand.svg]
[www.puretelecom.ie/image/catalog/vectors/search.svg]
[www.puretelecom.ie/image/catalog/Logo/pure-telecom-logo3860.svg]
[www.puretelecom.ie/business/contact-business.html]
[www.puretelecom.ie/image/catalog/Banners/Brand/Image-1.svg]
[www.puretelecom.ie/image/catalog/Banners/Brand/Image-3.svg]
[www.puretelecom.ie/image/catalog/Banners/Brand/Image-4.svg]
[www.puretelecom.ie/image/catalog/Banners/Brand/Image-2.svg]
[www.puretelecom.ie/image/catalog/Banners/Brand/Image-6.svg]
[www.puretelecom.ie/image/catalog/Banners/Brand/Image-5.svg]
[www.puretelecom.ie/image/catalog/Banners/Brand/yt_logo_rgb_light.svg]
[www.puretelecom.ie/image/catalog/vectors/play-button.svg]
[www.puretelecom.ie/image/catalog/content/who/paul-and-alan.html]
[www.puretelecom.ie/image/catalog/content/troubleshooting/zyxel/image1.png]
[www.puretelecom.ie/image/catalog/content/troubleshooting/zyxel/image2.png]
[www.puretelecom.ie/image/catalog/content/troubleshooting/zyxel/image3.png]
[www.puretelecom.ie/image/catalog/content/troubleshooting/zyxel/image4.png]
[www.puretelecom.ie/image/catalog/content/troubleshooting/zyxel/Picture 5.png]
[www.puretelecom.ie/image/catalog/content/troubleshooting/zyxel/Picture 6.png]
[www.puretelecom.ie/image/catalog/content/troubleshooting/zyxel/Picture 7.png]
[www.puretelecom.ie/image/catalog/content/troubleshooting/zyxel/Picture 8.png]
[www.puretelecom.ie/image/catalog/content/troubleshooting/zyxel/Picture 13.png]
[www.puretelecom.ie/image/catalog/content/troubleshooting/zyxel/Picture 14.png]
[www.puretelecom.ie/image/catalog/content/troubleshooting/zyxel/Picture 15.png]
[www.puretelecom.ie/image/catalog/content/troubleshooting/zyxel/Picture 16.png]
[www.puretelecom.ie/image/catalog/content/troubleshooting/zyxel/Picture 19.png]
[www.puretelecom.ie/image/catalog/content/troubleshooting/zyxel/Picture 8.jpg]
[www.puretelecom.ie/image/catalog/content/troubleshooting/zyxel/Picture 9.jpg]
[www.puretelecom.ie/image/catalog/content/troubleshooting/zyxel/Picture 10.png]
[www.puretelecom.ie/image/catalog/content/troubleshooting/zyxel/Picture 11.jpg]
[www.puretelecom.ie/image/catalog/content/troubleshooting/zyxel/Picture 12.jpg]
[www.puretelecom.ie/image/catalog/content/troubleshooting/imap-info.png]
[www.puretelecom.ie/modem-zyxel.html]
[www.puretelecom.ie/modem-f2000.html]
[www.puretelecom.ie/image/catalog/content/troubleshooting/huawei/huawei-white-modem-setup.png]
[www.puretelecom.ie/image/catalog/content/troubleshooting/huawei/huawei-white-modem-setup-back.png]
[www.puretelecom.ie/modem-huawei.html]
[www.puretelecom.ie/image/catalog/content/troubleshooting/fritzbox/image1.png]
[www.puretelecom.ie/image/catalog/content/troubleshooting/fritzbox/image2.png]
[www.puretelecom.ie/image/catalog/content/troubleshooting/fritzbox/image3.png]
[www.puretelecom.ie/image/catalog/content/troubleshooting/fritzbox/image4.png]
[www.puretelecom.ie/image/catalog/content/troubleshooting/fritzbox/image5.png]
[www.puretelecom.ie/image/catalog/content/troubleshooting/fritzbox/image6.png]
[www.puretelecom.ie/image/catalog/content/troubleshooting/fritzbox/Picture 1.png]
[www.puretelecom.ie/image/catalog/content/troubleshooting/fritzbox/Picture 2.png]
[www.puretelecom.ie/image/catalog/content/troubleshooting/fritzbox/Picture 3.png]
[www.puretelecom.ie/image/catalog/content/troubleshooting/fritzbox/Picture 4.png]
[www.puretelecom.ie/image/catalog/content/troubleshooting/fritzbox/Picture 5.png]
[www.puretelecom.ie/image/catalog/content/troubleshooting/f2000/Picture 4.jpg]
[www.puretelecom.ie/image/catalog/content/troubleshooting/f2000/Picture 5.jpg]
[www.puretelecom.ie/image/catalog/content/troubleshooting/fritzbox/Picture 6.jpg]
[www.puretelecom.ie/image/catalog/content/troubleshooting/fritzbox/Picture 7.jpg]
[www.puretelecom.ie/image/catalog/content/troubleshooting/fritzbox/Picture 8.png]
[www.puretelecom.ie/image/catalog/content/troubleshooting/fritzbox/Picture 9.png]
[www.puretelecom.ie/image/catalog/content/troubleshooting/fritzbox/Picture 10.png]
[www.puretelecom.ie/modem-fritzbox.html]
[www.puretelecom.ie/modem-f3000.html]
[www.puretelecom.ie/image/catalog/blog/working-it/working-with-it-partners-to-provide-the-best-broadband-for-business-5.html]
[www.puretelecom.ie/catalog/view/javascript/jquery/magnific/magnific-popup.css]
[www.puretelecom.ie/catalog/view/javascript/jquery/datetimepicker/bootstrap-datetimepicker.min.css]
[www.puretelecom.ie/catalog/view/javascript/jquery/magnific/jquery.magnific-popup.min.js]
[www.puretelecom.ie/catalog/view/javascript/jquery/datetimepicker/moment/moment.min.js]
[www.puretelecom.ie/catalog/view/javascript/jquery/datetimepicker/moment/moment-with-locales.min.js]
[www.puretelecom.ie/catalog/view/javascript/jquery/datetimepicker/bootstrap-datetimepicker.min.js]
[www.puretelecom.ie/blog/working-with-it-partners-to-provide-the-best-broadband-for-business.html]
[www.puretelecom.ie/image/catalog/blog/strong-desire/pexels-ron-lach-8154667.html]
[www.puretelecom.ie/blog/pure-telecom-research-reveals-strong-desire-among-adults-to-become-influencers.html]
[www.puretelecom.ie/image/catalog/blog/impact-social-media-voting/man-hand-using-smartphone-typing-live-chat-chatting-on-application-communication-digital-web-and-social-network-concept-social-media-application-chat-bo]
[www.puretelecom.ie/blog/pure-telecom-research-reveals-the-impact-of-social-media-on-voting-choices.html]
[www.puretelecom.ie/image/catalog/blog/mental-health/paul-connell-ceo-pure-telecom-having-pure-craic-gaming-online-2.html]
[www.puretelecom.ie/blog/mental-health-benefits-of-online-gaming-revealed-in-pure-telecom-research.html]
[www.puretelecom.ie/image/catalog/Banners/Blog/Paul-Connell-Director-Pure-Telecom-1-1024x781.jpg]
[www.puretelecom.ie/image/catalog/Banners/Blog/Kerri-Nicole-Blanc-Broadband-is-the-new-battery-2-1015x1024.jpg]
[www.puretelecom.ie/blog/pure-telecom-survey-reveals-broadband-is-the-new-battery-and-half-of-us-couldnt-survive-christmas-without-internet.html]
[www.puretelecom.ie/image/catalog/Banners/Blog/Paul-Connell-CEO-Pure-Telecom-1024x686.jpg]
[www.puretelecom.ie/blog/pure-telecom-survey-less-than-a-third-of-irish-people-trust-social-media-to-protect-their-personal-data.html]
[www.puretelecom.ie/blog/rural-smes-in-ireland-and-access-to-cloud.html]
[www.puretelecom.ie/blog/research-smartphones-overtake-laptops-as-most-popular-device-for-getting-online.html]
[www.puretelecom.ie/image/catalog/Banners/Blog/action-blur-electronics-247932-1024x683.jpg]
[www.puretelecom.ie/blog/five-smart-gadgets-we-would-love-to-have.html]
[www.puretelecom.ie/image/catalog/Banners/Blog/Paul-Connell-Director-Pure-Telecom-2-1024x675.jpg]
[www.puretelecom.ie/blog/more-than-one-third-would-ditch-tv-licence-as-online-viewing-increases.html]
[www.puretelecom.ie/blog/nearly-half-of-irish-teens-prefer-to-carry-out-online-activity-secretly.html]
[www.puretelecom.ie/blog/parents-have-their-say-irish-children-being-held-back-by-poor-school-broadband.html]
[www.puretelecom.ie/blog/fifity-would-relocate-for-better-broadband.html]
[www.puretelecom.ie/blog/pure-telecom-predicts-fortym-from-broadband-service.html]
[www.puretelecom.ie/blog/pure-telecom-in-twentym-telecoms-deal.html]
[www.puretelecom.ie/image/catalog/Banners/Blog/pur-cust-srv-258x300.jpg]
[www.puretelecom.ie/blog/pure-telecom-customer-service-in-telecoms.html]
[www.puretelecom.ie/image/catalog/Banners/Blog/Pure-Telecom_2-1024x747.jpg]
[www.puretelecom.ie/blog/pure-telecom-caps-off-great-year-with-new-customers.html]
[www.puretelecom.ie/blog/pure-telecom-announces-jobs-and-eighteen-investment.html]
[www.puretelecom.ie/blog/pure-telecom-and-open-eir-in-deal.html]
[www.puretelecom.ie/blog/providing-a-fantastic-telecoms-customer-service.html]
[www.puretelecom.ie/blog/our-research-shows-more-than-half-of-young-people-plan-to-ditch-tv-licence.html]
[www.puretelecom.ie/blog/deal-with-dsm-will-support-jobs-and-increased-rural-broadband.html]
[www.puretelecom.ie/blog/meet-pure-telecom-the-telecoms-provider-that-offers-a-personalised-service.html]
[www.puretelecom.ie/image/catalog/Banners/Blog/Pure-Telecom-Blackrock-Clinic_2-1024x736.jpg]
[www.puretelecom.ie/blog/blackrock-clinic-treated-right-by-pure-telecom-with-seven-thousand-in-savings.html]
[www.puretelecom.ie/blog/success-pure-telecom-boosts-customer-base-by.html]
[www.puretelecom.ie/blog/pure-telecom-wins-best-broadband-at-the-bonkersie-national-consumer-awards.html]
[www.puretelecom.ie/blog/the-five-minute-cio-shaun-oshea-pure-telecom.html]
[www.puretelecom.ie/blog/we-are-re-hiring-advance-your-career-with-pure-telecom.html]
[www.puretelecom.ie/blog/were-hiring-inbound-sales-representatives-at-pure-telecom.html]
[www.puretelecom.ie/blog/office-olympics-and-customer-service-make-pure-telecom-a-great-place-to-work.html]
[www.puretelecom.ie/image/catalog/Banners/Blog/howswitch-1024x683.jpg]
[www.puretelecom.ie/blog/five-reasons-why-pure-telecom-is-unique.html]
[www.puretelecom.ie/image/catalog/Banners/Blog/puretelecom-bt-ireland.jpg]
[www.puretelecom.ie/blog/pure-telecom-and-bt-ireland-sign-multi-million-telecoms-deal.html]
[www.puretelecom.ie/blog/unlimited-broadband-by-pure-telecom.html]
[www.puretelecom.ie/blog/slow-broadband.html]
[www.puretelecom.ie/blog/pure-telecom-research-reveals-almost-half-of-people-sharing-their-images-online-edit-their-selfies.html]
[www.puretelecom.ie/blog/almost-one-quarter-of-irish-adults-stream-esports-pure-telecom-survey.html]
[www.puretelecom.ie/blog/customer-notification-comreg-price-update-1850-1890-0818-or-076-numbers.html]
[www.puretelecom.ie/blog/pure-telecom-comreg-statement.html]
[www.puretelecom.ie/blog/guide-to-getting-broadband-in-ireland.html]
[www.puretelecom.ie/blog/the-importance-of-b2b-customer-service.html]
[www.puretelecom.ie/blog/tips-to-help-you-get-the-best-broadband-deal.html]
[www.puretelecom.ie/blog/which-virtual-assistant-is-best.html]
[www.puretelecom.ie/image/catalog/Banners/Blog/woman-apple-hotel-800x528.jpg]
[www.puretelecom.ie/blog/what-makes-the-best-broadband-provider.html]
[www.puretelecom.ie/image/catalog/Banners/Blog/pexels-photo-265685-1024x676.jpg]
[www.puretelecom.ie/blog/the-best-streaming-services-available-in-ireland.html]
[www.puretelecom.ie/blog/back-to-school-sign-up-and-get-a-fifty-voucher-for-lifestyle-sports.html]
[www.puretelecom.ie/blog/how-to-identify-and-avoid-phishing-phone-scams.html]
[www.puretelecom.ie/blog/five-tips-for-faster-broadband.html]
[www.puretelecom.ie/blog/how-can-i-get-faster-broadband-in-a-rural-area.html]
[www.puretelecom.ie/image/cache/placeholder-200x200.png]
[www.puretelecom.ie/image/cache/catalog/Banners/Blog/business-computer-device-200x200.jpg]
[www.puretelecom.ie/blog/four-simple-ways-to-boost-your-broadband-speed.html]
[www.puretelecom.ie/blog/how-to-get-the-best-broadband-student-deals.html]
[www.puretelecom.ie/blog/tips-for-the-best-value-broadband-package.html]
[www.puretelecom.ie/blog/four-ways-to-get-cheap-broadband.html]
[www.puretelecom.ie/careers/customer-care-advisor.html]
[www.puretelecom.ie/careers/career-form-customer-care-advisor.html]
[www.puretelecom.ie/careers/sales-representative.html]
[www.puretelecom.ie/careers/career-form-sales-representative.html]
[www.puretelecom.ie/careers/technical.html]
[www.puretelecom.ie/careers/career-form-technical.html]
[www.puretelecom.ie/image/catalog/content/troubleshooting/f2000/image1.png]
[www.puretelecom.ie/image/catalog/content/troubleshooting/f2000/imag2.png]
[www.puretelecom.ie/image/catalog/content/troubleshooting/f2000/image3.png]
[www.puretelecom.ie/image/catalog/content/troubleshooting/f2000/imag4.png]
[www.puretelecom.ie/image/catalog/content/troubleshooting/f2000/Picture 1.png]
[www.puretelecom.ie/image/catalog/content/troubleshooting/f2000/Picture 2.png]
[www.puretelecom.ie/image/catalog/content/troubleshooting/f2000/Picture 3.png]
[www.puretelecom.ie/image/catalog/content/troubleshooting/f2000/Picture 8.png]
[www.puretelecom.ie/image/catalog/content/troubleshooting/f2000/Picture 9.png]
[www.puretelecom.ie/image/catalog/content/troubleshooting/f2000/Picture 6.png]
[www.puretelecom.ie/image/catalog/content/troubleshooting/f2000/Picture 7.png]
[www.puretelecom.ie/modem-f2000.html]
[www.puretelecom.ie/catalog/view/javascript/jquery/magnific/magnific-popup.css]
[www.puretelecom.ie/catalog/view/javascript/jquery/datetimepicker/bootstrap-datetimepicker.min.css]
[www.puretelecom.ie/image/catalog/blog/working-it/working-with-it-partners-to-provide-the-best-broadband-for-business.html]
[www.puretelecom.ie/image/catalog/blog/working-it/working-with-it-partners-to-provide-the-best-broadband-for-business-4.html]
[www.puretelecom.ie/image/catalog/blog/working-it/working-with-it-partners-to-provide-the-best-broadband-for-business-3.html]
[www.puretelecom.ie/image/catalog/Banners/Blog/business-computer-device.jpg]
[www.puretelecom.ie/blog/four-ways-to-get-cheap-broadband.html]
[www.puretelecom.ie/careers/career-form-customer-care-advisor.html]
[www.puretelecom.ie/careers/career-form-sales-representative.html]
[www.puretelecom.ie/careers/career-form-technical.html]
